run,time,id_Statistics1,edi_p50,giniEquivalisedHouseholdDisposableIncomeNational,giniMarketIncomeNational,grossLabourIncome_p20,grossLabourIncome_p40,grossLabourIncome_p60,grossLabourIncome_p80,medianEquivalisedHouseholdDisposableIncome,sIndex_p50,ydses_p20,ydses_p40,ydses_p60,ydses_p80,
1,2019.0,1,16154.76736929343,0.0,0.0,570.1343320421732,1245.9689475111618,1875.3337282760815,2905.2491417957526,16156.043189667282,NaN,4.558937659434742,7.253354695352329,7.935550965112869,8.429630753904894,
1,2020.0,1,15307.714515728952,0.0,0.0,455.0081889672563,1176.7342092145154,1847.0093164573086,2891.444418809141,15316.834482842149,NaN,4.521100118650243,7.178170756072669,7.884064179944788,8.413673603724709,
1,2021.0,1,14842.03294467094,0.0,0.0,391.96461868376684,1181.573254771443,1860.9605864080336,2905.2174489013896,14842.373839993825,NaN,4.041740112205705,7.085317902233455,7.868313090850274,8.415800990690995,
1,2022.0,1,14438.49822957805,0.0,0.0,312.32497351728375,1127.850119108014,1810.160464898287,2837.473583883934,14438.49822957805,NaN,3.8300107494481166,7.013160407456278,7.833527276605379,8.37471245022549,
2,2019.0,1,16087.273126665623,0.0,0.0,569.5006329639451,1245.4801381657314,1875.1802984064034,2904.966364324581,16093.069144909769,NaN,4.526519224170451,7.241820640439825,7.932912495184302,8.4276943712679,
2,2020.0,1,15261.666365980773,0.0,0.0,453.29429410729455,1171.028884369149,1841.154838766973,2891.4052454117823,15274.817698238181,NaN,4.481089938575104,7.175822908296937,7.883575600577095,8.41367474849241,
2,2021.0,1,14803.135164318259,0.0,0.0,395.7501373770096,1167.4991056083402,1863.7208064855795,2892.1202352670252,14803.147881332548,NaN,3.9102054034256652,7.068780992465962,7.86363298561498,8.409659277406458,
2,2022.0,1,14417.524029859476,0.0,0.0,277.0266970179346,1119.3162562097573,1800.3285327745102,2825.342892189087,14418.809391994993,NaN,3.7051397979075817,6.99731355671117,7.83491034348426,8.3819837308353,