run,time,id_Statistics31,fertilityAdjustmentFactor,fertilityRateSimulated,fertilityRateTarget,partnershipAdjustmentFactor,shareCohabitingSimulated,shareCohabitingTarget,socialCareAdjustmentFactor,utilityAdjustmentFactorCouples,utilityAdjustmentFactorSfemales,utilityAdjustmentFactorSmales,
1,2019.0,1,-0.279462622342386,0.06017023774581744,0.06092462518117112,-0.613869665517935,0.534154168576855,0.639752445827121,0.0,0.0,0.0,0.0,
1,2020.0,1,-0.2659197918000082,0.07346109175377467,0.059320659210062375,-0.5988444469664678,0.6576756791637091,0.6494882472052341,0.0,0.0,0.0,0.0,
1,2021.0,1,-0.25543875103684177,0.05653710247349823,0.0570746110314559,-0.5821259283872153,0.6638966435110043,0.6444373367775469,0.0,0.0,0.0,0.0,
1,2022.0,1,-0.24930347300809638,0.05865188211263496,0.05798520015481514,-0.584760268520426,0.6684237593211623,0.6442540414107724,0.0,0.0,0.0,0.0,
2,2019.0,1,-0.279462622342386,0.06018790369935408,0.06092462518117112,-0.613869665517935,0.5337174283095456,0.639752445827121,0.0,0.0,0.0,0.0,
2,2020.0,1,-0.2659197918000082,0.07423580786026202,0.059320659210062375,-0.5988444469664678,0.6587214197810739,0.6494882472052341,0.0,0.0,0.0,0.0,
2,2021.0,1,-0.25543875103684177,0.0575390970787843,0.0570746110314559,-0.5821259283872153,0.6635920753491393,0.6444373367775469,0.0,0.0,0.0,0.0,
2,2022.0,1,-0.24930347300809638,0.05890930300379119,0.05798520015481514,-0.584760268520426,0.6672227926078029,0.6442540414107724,0.0,0.0,0.0,0.0,